// Jest Snapshot v1, https://goo.gl/fbAQLP

exports[`#bundles/molecules/elements/BundleGroupEditFormActions renders 1`] = `
<DocumentFragment>
  <div
    class="col-sm-12 bundle-group-edit__section"
  >
    <div
      class="form-group"
    >
      <a
        class="btn btn-secondary"
      >
        Cancel
      </a>
       
      <button
        class="btn btn-primary"
        type="submit"
      >
        Save
      </button>
    </div>
  </div>
</DocumentFragment>
`;
